// Jest Snapshot v1, https://goo.gl/fbAQLP

exports[`Storyshots StretchyHeader usage 1`] = `
<div>
  STRETCHY
</div>
`;
